---
http_interactions:
- request:
    method: head
    uri: https://help.github.com/changing-author-info/
    body:
      encoding: US-ASCII
      string: ''
    headers:
      User-Agent:
      - Mozilla/5.0 (compatible; HTML Proofer/3.7.0; +https://github.com/gjtorikian/html-proofer)
  response:
    status:
      code: 200
      message: OK
    headers:
      Server:
      - GitHub.com
      Content-Type:
      - text/html; charset=utf-8
      Last-Modified:
      - Sun, 21 May 2017 03:21:01 GMT
      Access-Control-Allow-Origin:
      - "*"
      Expires:
      - Sun, 21 May 2017 22:35:35 GMT
      Cache-Control:
      - max-age=600
      X-GitHub-Request-Id:
      - F710:52E3:6012A04:7D9CAE3:592213DF
      Content-Length:
      - '400'
      Accept-Ranges:
      - bytes
      Date:
      - Sun, 21 May 2017 22:25:36 GMT
      Via:
      - 1.1 varnish
      Age:
      - '0'
      Connection:
      - keep-alive
      X-Served-By:
      - cache-jfk8133-JFK
      X-Cache:
      - HIT
      X-Cache-Hits:
      - '1'
      X-Timer:
      - S1495405536.002736,VS0,VE0
      Vary:
      - Accept-Encoding
      X-Fastly-Request-ID:
      - c7d7ee9b680329473816ee4e7df496d4accb87dd
    body:
      encoding: UTF-8
      string: ''
    http_version: '1.1'
    adapter_metadata:
      effective_url: https://help.github.com/changing-author-info/
  recorded_at: Sun, 21 May 2017 22:25:36 GMT
- request:
    method: head
    uri: http://github.github.com/github-flavored-markdown/
    body:
      encoding: US-ASCII
      string: ''
    headers:
      User-Agent:
      - Mozilla/5.0 (compatible; HTML Proofer/3.7.0; +https://github.com/gjtorikian/html-proofer)
  response:
    status:
      code: 200
      message: OK
    headers:
      Server:
      - GitHub.com
      Content-Type:
      - text/html; charset=utf-8
      Last-Modified:
      - Thu, 31 Jul 2014 23:48:53 GMT
      Access-Control-Allow-Origin:
      - "*"
      Expires:
      - Sun, 21 May 2017 22:35:36 GMT
      Cache-Control:
      - max-age=600
      X-GitHub-Request-Id:
      - EC84:7C91:46F74F9:58FF506:592213DF
      Content-Length:
      - '480'
      Accept-Ranges:
      - bytes
      Date:
      - Sun, 21 May 2017 22:25:36 GMT
      Via:
      - 1.1 varnish
      Age:
      - '0'
      Connection:
      - keep-alive
      X-Served-By:
      - cache-jfk8122-JFK
      X-Cache:
      - MISS
      X-Cache-Hits:
      - '0'
      X-Timer:
      - S1495405536.024804,VS0,VE11
      Vary:
      - Accept-Encoding
      X-Fastly-Request-ID:
      - '08478bb80ae36a0be4ff2bbbb9caa5bb6726f98e'
    body:
      encoding: UTF-8
      string: ''
    http_version: '1.1'
    adapter_metadata:
      effective_url: https://github.github.com/github-flavored-markdown/
  recorded_at: Sun, 21 May 2017 22:25:36 GMT
- request:
    method: head
    uri: http://gjtorikian.github.io/mathematical/
    body:
      encoding: US-ASCII
      string: ''
    headers:
      User-Agent:
      - Mozilla/5.0 (compatible; HTML Proofer/3.7.0; +https://github.com/gjtorikian/html-proofer)
  response:
    status:
      code: 200
      message: OK
    headers:
      Date:
      - Sun, 21 May 2017 22:25:36 GMT
      Content-Type:
      - text/html; charset=utf-8
      Connection:
      - keep-alive
      Set-Cookie:
      - __cfduid=d3a74d747d52c9c14a1be8a2f4f73dc721495405536; expires=Mon, 21-May-18
        22:25:36 GMT; path=/; domain=.gjtorikian.com; HttpOnly
      Last-Modified:
      - Wed, 19 Aug 2015 15:46:31 GMT
      Access-Control-Allow-Origin:
      - "*"
      Expires:
      - Sun, 21 May 2017 22:35:36 GMT
      Cache-Control:
      - max-age=600
      X-GitHub-Request-Id:
      - 1126:1DD61:13223FA:18FCF62:592213DF
      Via:
      - 1.1 varnish
      Age:
      - '0'
      X-Served-By:
      - cache-jfk8131-JFK
      X-Cache:
      - MISS
      X-Cache-Hits:
      - '0'
      X-Timer:
      - S1495405536.129707,VS0,VE12
      Vary:
      - Accept-Encoding
      X-Fastly-Request-ID:
      - c7e1ec577e7c8a209f1e4229b57389b38a644e6a
      Server:
      - cloudflare-nginx
      CF-RAY:
      - 362af3d8bbc61852-EWR
    body:
      encoding: UTF-8
      string: ''
    http_version: '1.1'
    adapter_metadata:
      effective_url: https://www.gjtorikian.com/mathematical/
  recorded_at: Sun, 21 May 2017 22:25:36 GMT
- request:
    method: head
    uri: https://github.com/github/repository-sync
    body:
      encoding: US-ASCII
      string: ''
    headers:
      User-Agent:
      - Mozilla/5.0 (compatible; HTML Proofer/3.7.0; +https://github.com/gjtorikian/html-proofer)
  response:
    status:
      code: 200
      message: OK
    headers:
      Server:
      - GitHub.com
      Date:
      - Sun, 21 May 2017 22:25:36 GMT
      Content-Type:
      - text/html; charset=utf-8
      Status:
      - 200 OK
      Cache-Control:
      - no-cache
      Vary:
      - X-PJAX
      X-UA-Compatible:
      - IE=Edge,chrome=1
      Set-Cookie:
      - logged_in=no; domain=.github.com; path=/; expires=Thu, 21 May 2037 22:25:36
        -0000; secure; HttpOnly
      - _gh_sess=eyJzZXNzaW9uX2lkIjoiNzBhOGU4MWE3NmY2OWQ3ZTQ5MDIwNGMyNGNjOGU5NWIiLCJzcHlfcmVwbyI6ImdqdG9yaWtpYW4vcmVwb3NpdG9yeS1zeW5jIiwic3B5X3JlcG9fYXQiOjE0OTU0MDU1MzYsIl9jc3JmX3Rva2VuIjoiM1FjLzN6alJxZ2dONExSWXNhWk9MMnIrMnNCZFVNVXBRd29MNmVtR3BoTT0iLCJmbGFzaCI6eyJkaXNjYXJkIjpbImFuYWx5dGljc19sb2NhdGlvbiJdLCJmbGFzaGVzIjp7ImFuYWx5dGljc19sb2NhdGlvbiI6Ii88dXNlci1uYW1lPi88cmVwby1uYW1lPiJ9fX0%3D--d15ea8626e0b2290bc54f88738bf402c8ce465e1;
        path=/; secure; HttpOnly
      X-Request-Id:
      - 52e024d40bff5721f4a96c53d8301b65
      X-Runtime:
      - '0.192276'
      Content-Security-Policy:
      - 'default-src ''none''; base-uri ''self''; block-all-mixed-content; child-src
        render.githubusercontent.com; connect-src ''self'' uploads.github.com status.github.com
        collector.githubapp.com api.github.com www.google-analytics.com github-cloud.s3.amazonaws.com
        github-production-repository-file-5c1aeb.s3.amazonaws.com github-production-user-asset-79cafe.s3.amazonaws.com
        wss://live.github.com; font-src assets-cdn.github.com; form-action ''self''
        github.com gist.github.com; frame-ancestors ''none''; img-src ''self'' data:
        assets-cdn.github.com identicons.github.com collector.githubapp.com github-cloud.s3.amazonaws.com
        *.githubusercontent.com; media-src ''none''; script-src assets-cdn.github.com;
        style-src ''unsafe-inline'' assets-cdn.github.com'
      Strict-Transport-Security:
      - max-age=31536000; includeSubdomains; preload
      Public-Key-Pins:
      - max-age=5184000; pin-sha256="WoiWRyIOVNa9ihaBciRSC7XHjliYS9VwUGOIud4PB18=";
        pin-sha256="RRM1dGqnDFsCJXBTHky16vi1obOlCgFFn/yOhI/y+ho="; pin-sha256="k2v657xBsOVe1PQRwOsHsw3bsGT2VzIqz5K+59sNQws=";
        pin-sha256="K87oWBWM9UZfyddvDfoxL+8lpNyoUB2ptGtn0fv6G2Q="; pin-sha256="IQBnNBEiFuhj+8x6X8XLgh01V9Ic5/V3IRQLNFFc7v4=";
        pin-sha256="iie1VXtL7HzAMF+/PVPR9xzT80kQxdZeJ+zduCB3uj0="; pin-sha256="LvRiGEjRqfzurezaWuj8Wie2gyHMrW5Q06LspMnox7A=";
        includeSubDomains
      X-Content-Type-Options:
      - nosniff
      X-Frame-Options:
      - deny
      X-XSS-Protection:
      - 1; mode=block
      X-GitHub-Request-Id:
      - C3D5:45BD:47DF0F1:6B37640:592213E0
    body:
      encoding: UTF-8
      string: ''
    http_version: '1.1'
    adapter_metadata:
      effective_url: https://github.com/gjtorikian/repository-sync
  recorded_at: Sun, 21 May 2017 22:25:36 GMT
recorded_with: VCR 2.9.3
